[sim_client] Control channel connected -> 127.0.0.1:5555
[sim_client] Query channel connected    -> 127.0.0.1:5556

============================================================
  [Unity SafetyMonitor] [SimCamera] RENDER GEOMETRY on 'RobotCamera'
  RenderTexture   : 640x480 (aspect 1.3333)
  Screen/GameView : 691x343 (aspect 2.0146)
  camera.aspect   : 1.3333   (matches the RenderTexture)
  fieldOfView     : 48.80 deg vertical (FOVAxisMode False physical)
  -> horizontal   : 62.33 deg  ACTUAL
  -> horizontal   : 62.33 deg  if aspect were the RenderTexture's
  Python assumes  : 62.20 deg
  ANGLE ERROR     : 0.9979x  (1.0000 = camera and model agree)
============================================================


============================================================
  [Unity SafetyMonitor] [SimCamera] RENDER GEOMETRY on 'RobotCamera'
  RenderTexture   : 640x480 (aspect 1.3333)
  Screen/GameView : 691x343 (aspect 2.0146)
  camera.aspect   : 1.3333   (matches the RenderTexture)
  fieldOfView     : 48.80 deg vertical (FOVAxisMode False physical)
  -> horizontal   : 62.33 deg  ACTUAL
  -> horizontal   : 62.33 deg  if aspect were the RenderTexture's
  Python assumes  : 62.20 deg
  ANGLE ERROR     : 0.9979x  (1.0000 = camera and model agree)
============================================================

[jetson_utils] videoSource opened: csi://0 (-> Unity SimQueryServer)
sensed: [{'bearing_deg': 3.2733868545769162, 'distance_m': 0.8231689017482656, 'width_m': 0.09931344569620894, 'height_m': 0.07156947844192996, 'pixel_bbox': (316.0, 194.0, 380.0, 240.0)}, {'bearing_deg': 22.166391290102545, 'distance_m': 1.238754643086112, 'width_m': 0.06305044855325918, 'height_m': 0.04214430206793063, 'pixel_bbox': (516.0, 172.0, 543.0, 190.0)}]
navigate_to_bearing: True
creep_to_target: True
chassis pose after creep: {'status': 'ok', 'x': 0.687, 'y': 0.28, 'z': 0.8975, 'yaw_deg': 38.028}

--- BLOCK GROUND TRUTH BEFORE ANY GRAB ATTEMPT ---
  block_A_large: {'status': 'ok', 'x': 1.5, 'y': 0.05, 'z': 2.0}
  block_B_small: {'status': 'ok', 'x': 2.5, 'y': 0.03, 'z': 2.0}

=== attempt 0: shoulder=75.0 elbow=100.0 ===
  pre-close gripper_position: (x=1.2147, y=0.2356, z=1.5723)
  pre-close block_A_large ground truth: (x=1.5000, y=0.0500, z=2.0000)
  pre-close block_B_small ground truth: (x=2.5000, y=0.0300, z=2.0000)

============================================================
  [TTLServo] WARNING: servo 4 at -100.0 deg
  Approaching hard limit [-100.0, 100.0] — warn zone [-85.0, 85.0]
============================================================

  post-close is_holding=True gripper_position: (x=1.1039, y=0.1801, z=1.4306)
  post-close block_A_large ground truth: (x=1.4811, y=0.0132, z=1.9758)  [moved 47.9 mm since pre-close]
  post-close block_B_small ground truth: (x=2.5000, y=0.0300, z=2.0000)  [moved 0.0 mm since pre-close]
  *** GRAB CONFIRMED on attempt 0 ***

--- BLOCK GROUND TRUTH AFTER FULL LOOP ---
  block_A_large: {'status': 'ok', 'x': 1.4811, 'y': 0.0132, 'z': 1.9758}
    net displacement since before loop: 47.9 mm
  block_B_small: {'status': 'ok', 'x': 2.5, 'y': 0.03, 'z': 2.0}
    net displacement since before loop: 0.0 mm
