[jetson_utils] videoSource opened: csi://0 (-> Unity SimQueryServer)
[build] connecting as robot_a...
[world_model] robot_a connected to 127.0.0.1:1883
[sim_client] Control channel connected -> 127.0.0.1:5555
[sim_client] Query channel connected    -> 127.0.0.1:5556

============================================================
  [Unity SafetyMonitor] [SimCamera] RENDER GEOMETRY on 'RobotCamera'
  RenderTexture   : 640x480 (aspect 1.3333)
  Screen/GameView : 691x343 (aspect 2.0146)
  camera.aspect   : 1.3333   (matches the RenderTexture)
  fieldOfView     : 48.80 deg vertical (FOVAxisMode False physical)
  -> horizontal   : 62.33 deg  ACTUAL
  -> horizontal   : 62.33 deg  if aspect were the RenderTexture's
  Python assumes  : 62.20 deg
  ANGLE ERROR     : 0.9979x  (1.0000 = camera and model agree)
============================================================


============================================================
  [Unity SafetyMonitor] [SimCamera] RENDER GEOMETRY on 'RobotCamera'
  RenderTexture   : 640x480 (aspect 1.3333)
  Screen/GameView : 691x343 (aspect 2.0146)
  camera.aspect   : 1.3333   (matches the RenderTexture)
  fieldOfView     : 48.80 deg vertical (FOVAxisMode False physical)
  -> horizontal   : 62.33 deg  ACTUAL
  -> horizontal   : 62.33 deg  if aspect were the RenderTexture's
  Python assumes  : 62.20 deg
  ANGLE ERROR     : 0.9979x  (1.0000 = camera and model agree)
============================================================

[build] targeting block: bearing=0.9 deg distance=0.82 m width=0.098 m height=0.071 m
[build] nav telemetry written to nav_logs_floorreach_run3\robot_a_pickup0_20260825_155259.csv -- replay offline with: jetbot_nav.gap_follow.replay_log('nav_logs_floorreach_run3\robot_a_pickup0_20260825_155259.csv')
[build] creep telemetry written to nav_logs_floorreach_run3\robot_a_creep_pickup0_20260825_155259.csv

============================================================
  [TTLServo] WARNING: servo 4 at -100.0 deg
  Approaching hard limit [-100.0, 100.0] — warn zone [-85.0, 85.0]
============================================================


============================================================
  [TTLServo] WARNING: servo 4 at 100.0 deg
  Approaching hard limit [-100.0, 100.0] — warn zone [-85.0, 85.0]
============================================================


============================================================
  [TTLServo] WARNING: servo 4 at -100.0 deg
  Approaching hard limit [-100.0, 100.0] — warn zone [-85.0, 85.0]
============================================================


============================================================
  [TTLServo] WARNING: servo 4 at 100.0 deg
  Approaching hard limit [-100.0, 100.0] — warn zone [-85.0, 85.0]
============================================================


============================================================
  [TTLServo] WARNING: servo 4 at -100.0 deg
  Approaching hard limit [-100.0, 100.0] — warn zone [-85.0, 85.0]
============================================================


============================================================
  [TTLServo] WARNING: servo 4 at 100.0 deg
  Approaching hard limit [-100.0, 100.0] — warn zone [-85.0, 85.0]
============================================================


============================================================
  [TTLServo] WARNING: servo 4 at -100.0 deg
  Approaching hard limit [-100.0, 100.0] — warn zone [-85.0, 85.0]
============================================================


============================================================
  [TTLServo] WARNING: servo 4 at 100.0 deg
  Approaching hard limit [-100.0, 100.0] — warn zone [-85.0, 85.0]
============================================================


============================================================
  [TTLServo] WARNING: servo 3 at 119.9 deg
  Approaching hard limit [-130.0, 130.0] — warn zone [-115.0, 115.0]
============================================================


============================================================
  [Unity SafetyMonitor] Joint 2 APPROACHING LIMIT: 119.9° (warn zone [-115, 115], hard limit [-130, 130])
============================================================


============================================================
  [TTLServo] WARNING: servo 4 at -100.0 deg
  Approaching hard limit [-100.0, 100.0] — warn zone [-85.0, 85.0]
============================================================


============================================================
  [TTLServo] WARNING: servo 4 at 100.0 deg
  Approaching hard limit [-100.0, 100.0] — warn zone [-85.0, 85.0]
============================================================


============================================================
  [TTLServo] WARNING: servo 3 at 129.8 deg
  Approaching hard limit [-130.0, 130.0] — warn zone [-115.0, 115.0]
============================================================


============================================================
  [Unity SafetyMonitor] Joint 2 APPROACHING LIMIT: 129.8° (warn zone [-115, 115], hard limit [-130, 130])
============================================================


============================================================
  [TTLServo] WARNING: servo 4 at -100.0 deg
  Approaching hard limit [-100.0, 100.0] — warn zone [-85.0, 85.0]
============================================================


============================================================
  [TTLServo] WARNING: servo 4 at 100.0 deg
  Approaching hard limit [-100.0, 100.0] — warn zone [-85.0, 85.0]
============================================================

[build] grab not confirmed -- skipping this block
[build] targeting block: bearing=-21.0 deg distance=0.72 m width=0.060 m height=0.044 m
[build] nav telemetry written to nav_logs_floorreach_run3\robot_a_pickup1_20260825_155313.csv -- replay offline with: jetbot_nav.gap_follow.replay_log('nav_logs_floorreach_run3\robot_a_pickup1_20260825_155313.csv')
[build] creep telemetry written to nav_logs_floorreach_run3\robot_a_creep_pickup1_20260825_155313.csv
[build] could not creep within grab range -- skipping this block
[build] targeting block: bearing=-27.9 deg distance=0.38 m width=0.057 m height=0.051 m
[build] nav telemetry written to nav_logs_floorreach_run3\robot_a_pickup2_20260825_155314.csv -- replay offline with: jetbot_nav.gap_follow.replay_log('nav_logs_floorreach_run3\robot_a_pickup2_20260825_155314.csv')
[build] creep telemetry written to nav_logs_floorreach_run3\robot_a_creep_pickup2_20260825_155314.csv
[build] could not creep within grab range -- skipping this block
[build] no blocks sensed within range even after searching -- stopping (either done, or none currently visible)
[build] done -- 0 block(s) placed, final tower height 0.000 m
