[jetson_utils] videoSource opened: csi://0 (-> Unity SimQueryServer)
[build] connecting as robot_a...
[world_model] robot_a connected to 127.0.0.1:1883
[sim_client] Control channel connected -> 127.0.0.1:5555
[sim_client] Query channel connected    -> 127.0.0.1:5556
[build] targeting block: bearing=-22.3 deg distance=0.44 m width=0.055 m height=0.048 m
[build] could not creep within grab range -- skipping this block
[build] targeting block: bearing=-22.3 deg distance=0.44 m width=0.055 m height=0.048 m
[build] could not creep within grab range -- skipping this block
[build] targeting block: bearing=-22.3 deg distance=0.44 m width=0.055 m height=0.048 m
[build] could not creep within grab range -- skipping this block
[build] targeting block: bearing=-22.3 deg distance=0.44 m width=0.055 m height=0.048 m
[build] could not creep within grab range -- skipping this block
[build] targeting block: bearing=-22.3 deg distance=0.44 m width=0.055 m height=0.048 m
[build] could not creep within grab range -- skipping this block
[build] targeting block: bearing=-22.3 deg distance=0.44 m width=0.055 m height=0.048 m
[build] could not creep within grab range -- skipping this block
[build] targeting block: bearing=-22.3 deg distance=0.44 m width=0.055 m height=0.048 m
[build] could not creep within grab range -- skipping this block
[build] targeting block: bearing=-22.3 deg distance=0.44 m width=0.055 m height=0.048 m
[build] could not creep within grab range -- skipping this block
[build] targeting block: bearing=-22.3 deg distance=0.44 m width=0.055 m height=0.048 m
[build] could not creep within grab range -- skipping this block
[build] targeting block: bearing=-22.3 deg distance=0.44 m width=0.055 m height=0.048 m
[build] could not creep within grab range -- skipping this block
[build] targeting block: bearing=-22.3 deg distance=0.44 m width=0.055 m height=0.048 m
[build] could not creep within grab range -- skipping this block
[build] targeting block: bearing=-22.3 deg distance=0.44 m width=0.055 m height=0.048 m
[build] could not creep within grab range -- skipping this block
[build] targeting block: bearing=-22.3 deg distance=0.44 m width=0.055 m height=0.048 m
[build] could not creep within grab range -- skipping this block
[build] targeting block: bearing=-22.3 deg distance=0.44 m width=0.055 m height=0.048 m
[build] could not creep within grab range -- skipping this block
[build] targeting block: bearing=-22.3 deg distance=0.44 m width=0.055 m height=0.048 m
[build] could not creep within grab range -- skipping this block
[build] targeting block: bearing=-22.3 deg distance=0.44 m width=0.055 m height=0.048 m
[build] could not creep within grab range -- skipping this block
[build] targeting block: bearing=-22.3 deg distance=0.44 m width=0.055 m height=0.048 m
[build] could not creep within grab range -- skipping this block
[build] targeting block: bearing=-22.3 deg distance=0.44 m width=0.055 m height=0.048 m
[build] could not creep within grab range -- skipping this block
[build] targeting block: bearing=-22.3 deg distance=0.44 m width=0.055 m height=0.048 m
[build] could not creep within grab range -- skipping this block
[build] targeting block: bearing=-22.3 deg distance=0.44 m width=0.055 m height=0.048 m
[build] could not creep within grab range -- skipping this block
[build] done -- 0 block(s) placed, final tower height 0.000 m
