[jetson_utils] videoSource opened: csi://0 (-> Unity SimQueryServer)
[build] connecting as robot_a...
[world_model] robot_a connected to 127.0.0.1:1883
[sim_client] Control channel connected -> 127.0.0.1:5555
[sim_client] Query channel connected    -> 127.0.0.1:5556

============================================================
  [Unity SafetyMonitor] [SimCamera] RENDER GEOMETRY on 'RobotCamera'
  RenderTexture   : 640x480 (aspect 1.3333)
  Screen/GameView : 691x343 (aspect 2.0146)
  camera.aspect   : 1.3333   (matches the RenderTexture)
  fieldOfView     : 48.80 deg vertical (FOVAxisMode False physical)
  -> horizontal   : 62.33 deg  ACTUAL
  -> horizontal   : 62.33 deg  if aspect were the RenderTexture's
  Python assumes  : 62.20 deg
  ANGLE ERROR     : 0.9979x  (1.0000 = camera and model agree)
============================================================


============================================================
  [Unity SafetyMonitor] [SimCamera] RENDER GEOMETRY on 'RobotCamera'
  RenderTexture   : 640x480 (aspect 1.3333)
  Screen/GameView : 691x343 (aspect 2.0146)
  camera.aspect   : 1.3333   (matches the RenderTexture)
  fieldOfView     : 48.80 deg vertical (FOVAxisMode False physical)
  -> horizontal   : 62.33 deg  ACTUAL
  -> horizontal   : 62.33 deg  if aspect were the RenderTexture's
  Python assumes  : 62.20 deg
  ANGLE ERROR     : 0.9979x  (1.0000 = camera and model agree)
============================================================

[build] no blocks sensed within range even after searching -- stopping (either done, or none currently visible)
[build] done -- 0 block(s) placed, final tower height 0.000 m
