[jetson_utils] videoSource opened: csi://0 (-> Unity SimQueryServer)
[build] connecting as robot_a...
[world_model] robot_a connected to 127.0.0.1:1883
[sim_client] Control channel connected -> 127.0.0.1:5555
[sim_client] Query channel connected    -> 127.0.0.1:5556

============================================================
  [Unity SafetyMonitor] [SimCamera] RENDER GEOMETRY on 'RobotCamera'
  RenderTexture   : 640x480 (aspect 1.3333)
  Screen/GameView : 691x343 (aspect 2.0146)
  camera.aspect   : 1.3333   (matches the RenderTexture)
  fieldOfView     : 48.80 deg vertical (FOVAxisMode False physical)
  -> horizontal   : 62.33 deg  ACTUAL
  -> horizontal   : 62.33 deg  if aspect were the RenderTexture's
  Python assumes  : 62.20 deg
  ANGLE ERROR     : 0.9979x  (1.0000 = camera and model agree)
============================================================


============================================================
  [Unity SafetyMonitor] [SimCamera] RENDER GEOMETRY on 'RobotCamera'
  RenderTexture   : 640x480 (aspect 1.3333)
  Screen/GameView : 691x343 (aspect 2.0146)
  camera.aspect   : 1.3333   (matches the RenderTexture)
  fieldOfView     : 48.80 deg vertical (FOVAxisMode False physical)
  -> horizontal   : 62.33 deg  ACTUAL
  -> horizontal   : 62.33 deg  if aspect were the RenderTexture's
  Python assumes  : 62.20 deg
  ANGLE ERROR     : 0.9979x  (1.0000 = camera and model agree)
============================================================

[build] targeting block: bearing=1.4 deg distance=0.82 m width=0.098 m height=0.071 m
[build] nav telemetry written to nav_logs_movesettle_fix_run3\robot_a_pickup0_20260826_150035.csv -- replay offline with: jetbot_nav.gap_follow.replay_log('nav_logs_movesettle_fix_run3\robot_a_pickup0_20260826_150035.csv')
[build] creep telemetry written to nav_logs_movesettle_fix_run3\robot_a_creep_pickup0_20260826_150035.csv

============================================================
  [TTLServo] WARNING: servo 4 at -100.0 deg
  Approaching hard limit [-100.0, 100.0] — warn zone [-85.0, 85.0]
============================================================


============================================================
  [TTLServo] HARD LIMIT: servo 2 angle -50.8 deg
  Clamped to -20.0 deg (hard limit [-20.0, 85.0])
  Motion stopped — fix your angle before deploying to real robot!
============================================================


============================================================
  [Unity SafetyMonitor] Joint 1 APPROACHING LIMIT: -20.0° (warn zone [-10, 75], hard limit [-20, 85])
============================================================

[build] nav telemetry written to nav_logs_movesettle_fix_run3\robot_a_place0_20260826_150041.csv -- replay offline with: jetbot_nav.gap_follow.replay_log('nav_logs_movesettle_fix_run3\robot_a_place0_20260826_150041.csv')
[build] creep telemetry written to nav_logs_movesettle_fix_run3\robot_a_creep_place0_20260826_150041.csv
[build] could not creep to placement range -- placing at current distance anyway

============================================================
  [TTLServo] WARNING: servo 4 at 100.0 deg
  Approaching hard limit [-100.0, 100.0] — warn zone [-85.0, 85.0]
============================================================

[build] placed block 1, tower height now 0.071 m
[build] no blocks sensed within range even after searching -- stopping (either done, or none currently visible)
[build] done -- 1 block(s) placed, final tower height 0.071 m
