[jetson_utils] videoSource opened: csi://0 (-> Unity SimQueryServer)
[sim_client] Control channel connected -> 127.0.0.1:5555
[sim_client] Query channel connected    -> 127.0.0.1:5556

============================================================
  [Unity SafetyMonitor] [SimCamera] RENDER GEOMETRY on 'RobotCamera'
  RenderTexture   : 640x480 (aspect 1.3333)
  Screen/GameView : 691x343 (aspect 2.0146)
  camera.aspect   : 1.3333   (matches the RenderTexture)
  fieldOfView     : 48.80 deg vertical (FOVAxisMode False physical)
  -> horizontal   : 62.33 deg  ACTUAL
  -> horizontal   : 62.33 deg  if aspect were the RenderTexture's
  Python assumes  : 62.20 deg
  ANGLE ERROR     : 0.9979x  (1.0000 = camera and model agree)
============================================================


============================================================
  [Unity SafetyMonitor] [SimCamera] RENDER GEOMETRY on 'RobotCamera'
  RenderTexture   : 640x480 (aspect 1.3333)
  Screen/GameView : 691x343 (aspect 2.0146)
  camera.aspect   : 1.3333   (matches the RenderTexture)
  fieldOfView     : 48.80 deg vertical (FOVAxisMode False physical)
  -> horizontal   : 62.33 deg  ACTUAL
  -> horizontal   : 62.33 deg  if aspect were the RenderTexture's
  Python assumes  : 62.20 deg
  ANGLE ERROR     : 0.9979x  (1.0000 = camera and model agree)
============================================================

sensed: [{'bearing_deg': 4.0749340473170665, 'distance_m': 0.8239087267022115, 'width_m': 0.09629636938876937, 'height_m': 0.07163380167617724, 'pixel_bbox': (324.0, 194.0, 386.0, 240.0)}, {'bearing_deg': 22.84417729266651, 'distance_m': 1.2353780353829649, 'width_m': 0.0628785851164922, 'height_m': 0.04436439282231325, 'pixel_bbox': (523.0, 172.0, 550.0, 191.0)}]
navigate_to_bearing: True
creep_to_target: True
chassis pose after creep: {'status': 'ok', 'x': 0.6777, 'y': 0.28, 'z': 0.9009, 'yaw_deg': 37.5675}

--- BLOCK GROUND TRUTH BEFORE ANY GRAB ATTEMPT ---
  block_A_large: {'status': 'ok', 'x': 1.5, 'y': 0.05, 'z': 2.0}
  block_B_small: {'status': 'ok', 'x': 2.5, 'y': 0.03, 'z': 2.0}

=== attempt 0: shoulder=75.0 elbow=100.0 ===
  pre-close gripper_position: (x=1.2758, y=0.3608, z=1.6785)
  pre-close block_A_large ground truth: (x=1.5000, y=0.0500, z=2.0000)
  pre-close block_B_small ground truth: (x=2.5000, y=0.0300, z=2.0000)

============================================================
  [TTLServo] WARNING: servo 4 at -100.0 deg
  Approaching hard limit [-100.0, 100.0] — warn zone [-85.0, 85.0]
============================================================

  post-close is_holding=True gripper_position: (x=1.0903, y=0.1801, z=1.4373)
  post-close block_A_large ground truth: (x=1.3951, y=-0.1187, z=1.8636)  [moved 241.0 mm since pre-close]
  post-close block_B_small ground truth: (x=2.5000, y=0.0300, z=2.0000)  [moved 0.0 mm since pre-close]
  *** GRAB CONFIRMED on attempt 0 ***

--- BLOCK GROUND TRUTH AFTER FULL LOOP ---
  block_A_large: {'status': 'ok', 'x': 1.3951, 'y': -0.1187, 'z': 1.8636}
    net displacement since before loop: 241.0 mm
  block_B_small: {'status': 'ok', 'x': 2.5, 'y': 0.03, 'z': 2.0}
    net displacement since before loop: 0.0 mm
