[sim_client] Control channel connected -> 127.0.0.1:5555
[sim_client] Query channel connected    -> 127.0.0.1:5556

============================================================
  [Unity SafetyMonitor] [SimCamera] RENDER GEOMETRY on 'RobotCamera'
  RenderTexture   : 640x480 (aspect 1.3333)
  Screen/GameView : 1101x505 (aspect 2.1802)
  camera.aspect   : 1.3333   (matches the RenderTexture)
  fieldOfView     : 48.80 deg vertical (FOVAxisMode False physical)
  -> horizontal   : 62.33 deg  ACTUAL
  -> horizontal   : 62.33 deg  if aspect were the RenderTexture's
  Python assumes  : 62.20 deg
  ANGLE ERROR     : 0.9979x  (1.0000 = camera and model agree)
============================================================


============================================================
  [Unity SafetyMonitor] [SimCamera] RENDER GEOMETRY on 'RobotCamera'
  RenderTexture   : 640x480 (aspect 1.3333)
  Screen/GameView : 1101x505 (aspect 2.1802)
  camera.aspect   : 1.3333   (matches the RenderTexture)
  fieldOfView     : 48.80 deg vertical (FOVAxisMode False physical)
  -> horizontal   : 62.33 deg  ACTUAL
  -> horizontal   : 62.33 deg  if aspect were the RenderTexture's
  Python assumes  : 62.20 deg
  ANGLE ERROR     : 0.9979x  (1.0000 = camera and model agree)
============================================================

[jetson_utils] videoSource opened: csi://0 (-> Unity SimQueryServer)
[build] connecting as robot_a...
[world_model] robot_a connected to 127.0.0.1:1883
[build] targeting block: bearing=31.2 deg distance=0.95 m width=0.248 m height=0.735 m

============================================================
  [TTLServo] WARNING: servo 4 at -100.0 deg
  Approaching hard limit [-100.0, 100.0] — warn zone [-85.0, 85.0]
============================================================

[build] grab not confirmed -- skipping this block
[build] targeting block: bearing=31.2 deg distance=0.95 m width=0.248 m height=0.735 m

============================================================
  [TTLServo] WARNING: servo 4 at -100.0 deg
  Approaching hard limit [-100.0, 100.0] — warn zone [-85.0, 85.0]
============================================================

[build] grab not confirmed -- skipping this block
[build] targeting block: bearing=31.2 deg distance=0.95 m width=0.248 m height=0.735 m

============================================================
  [TTLServo] WARNING: servo 4 at -100.0 deg
  Approaching hard limit [-100.0, 100.0] — warn zone [-85.0, 85.0]
============================================================

[build] grab not confirmed -- skipping this block
[build] targeting block: bearing=31.2 deg distance=0.95 m width=0.248 m height=0.735 m

============================================================
  [TTLServo] WARNING: servo 4 at -100.0 deg
  Approaching hard limit [-100.0, 100.0] — warn zone [-85.0, 85.0]
============================================================

[build] grab not confirmed -- skipping this block
[build] targeting block: bearing=31.2 deg distance=0.95 m width=0.248 m height=0.735 m

============================================================
  [TTLServo] WARNING: servo 4 at -100.0 deg
  Approaching hard limit [-100.0, 100.0] — warn zone [-85.0, 85.0]
============================================================

[build] grab not confirmed -- skipping this block
[build] targeting block: bearing=31.2 deg distance=0.95 m width=0.248 m height=0.735 m

============================================================
  [TTLServo] WARNING: servo 4 at -100.0 deg
  Approaching hard limit [-100.0, 100.0] — warn zone [-85.0, 85.0]
============================================================

[build] grab not confirmed -- skipping this block
[build] targeting block: bearing=31.2 deg distance=0.95 m width=0.248 m height=0.735 m

============================================================
  [TTLServo] WARNING: servo 4 at -100.0 deg
  Approaching hard limit [-100.0, 100.0] — warn zone [-85.0, 85.0]
============================================================

[build] grab not confirmed -- skipping this block
[build] targeting block: bearing=31.2 deg distance=0.95 m width=0.248 m height=0.735 m

============================================================
  [TTLServo] WARNING: servo 4 at -100.0 deg
  Approaching hard limit [-100.0, 100.0] — warn zone [-85.0, 85.0]
============================================================

[build] grab not confirmed -- skipping this block
[build] targeting block: bearing=31.2 deg distance=0.95 m width=0.248 m height=0.735 m

============================================================
  [TTLServo] WARNING: servo 4 at -100.0 deg
  Approaching hard limit [-100.0, 100.0] — warn zone [-85.0, 85.0]
============================================================

[build] grab not confirmed -- skipping this block
[build] targeting block: bearing=31.2 deg distance=0.95 m width=0.248 m height=0.735 m

============================================================
  [TTLServo] WARNING: servo 4 at -100.0 deg
  Approaching hard limit [-100.0, 100.0] — warn zone [-85.0, 85.0]
============================================================

[build] grab not confirmed -- skipping this block
[build] targeting block: bearing=31.2 deg distance=0.95 m width=0.248 m height=0.735 m

============================================================
  [TTLServo] WARNING: servo 4 at -100.0 deg
  Approaching hard limit [-100.0, 100.0] — warn zone [-85.0, 85.0]
============================================================

[build] grab not confirmed -- skipping this block
[build] targeting block: bearing=31.2 deg distance=0.95 m width=0.248 m height=0.735 m

============================================================
  [TTLServo] WARNING: servo 4 at -100.0 deg
  Approaching hard limit [-100.0, 100.0] — warn zone [-85.0, 85.0]
============================================================

[build] grab not confirmed -- skipping this block
[build] targeting block: bearing=31.2 deg distance=0.95 m width=0.248 m height=0.735 m

============================================================
  [TTLServo] WARNING: servo 4 at -100.0 deg
  Approaching hard limit [-100.0, 100.0] — warn zone [-85.0, 85.0]
============================================================

[build] grab not confirmed -- skipping this block
[build] targeting block: bearing=31.2 deg distance=0.95 m width=0.248 m height=0.735 m

============================================================
  [TTLServo] WARNING: servo 4 at -100.0 deg
  Approaching hard limit [-100.0, 100.0] — warn zone [-85.0, 85.0]
============================================================

[build] grab not confirmed -- skipping this block
[build] targeting block: bearing=31.2 deg distance=0.95 m width=0.248 m height=0.735 m

============================================================
  [TTLServo] WARNING: servo 4 at -100.0 deg
  Approaching hard limit [-100.0, 100.0] — warn zone [-85.0, 85.0]
============================================================

[build] grab not confirmed -- skipping this block
[build] targeting block: bearing=31.2 deg distance=0.95 m width=0.248 m height=0.735 m

============================================================
  [TTLServo] WARNING: servo 4 at -100.0 deg
  Approaching hard limit [-100.0, 100.0] — warn zone [-85.0, 85.0]
============================================================

[build] grab not confirmed -- skipping this block
[build] targeting block: bearing=31.2 deg distance=0.95 m width=0.248 m height=0.735 m

============================================================
  [TTLServo] WARNING: servo 4 at -100.0 deg
  Approaching hard limit [-100.0, 100.0] — warn zone [-85.0, 85.0]
============================================================

[build] grab not confirmed -- skipping this block
[build] targeting block: bearing=31.2 deg distance=0.95 m width=0.248 m height=0.735 m

============================================================
  [TTLServo] WARNING: servo 4 at -100.0 deg
  Approaching hard limit [-100.0, 100.0] — warn zone [-85.0, 85.0]
============================================================

[build] grab not confirmed -- skipping this block
[build] targeting block: bearing=31.2 deg distance=0.95 m width=0.248 m height=0.737 m

============================================================
  [TTLServo] WARNING: servo 4 at -100.0 deg
  Approaching hard limit [-100.0, 100.0] — warn zone [-85.0, 85.0]
============================================================

[build] grab not confirmed -- skipping this block
[build] targeting block: bearing=31.2 deg distance=0.95 m width=0.248 m height=0.737 m

============================================================
  [TTLServo] WARNING: servo 4 at -100.0 deg
  Approaching hard limit [-100.0, 100.0] — warn zone [-85.0, 85.0]
============================================================

[build] grab not confirmed -- skipping this block
[build] done -- 0 block(s) placed, final tower height 0.000 m
